// Jest Snapshot v1, https://goo.gl/fbAQLP

exports[`Pruebas en <FirstApp /> should match con snapshot 1`] = `
<div>
  <h1
    data-testid="test-title"
  >
    Soy un title
  </h1>
  <p>
    No sub
  </p>
  <p>
    No sub
  </p>
  <p />
</div>
`;
