// Jest Snapshot v1, https://goo.gl/fbAQLP

exports[`Pruebas en GiftItem should match snapshot 1`] = `
<div>
  <div
    class="card"
  >
    <img
      alt="One Piece"
      src="https://luffy-dono.com/"
    />
    <p>
      One Piece
    </p>
  </div>
</div>
`;
